// Jest Snapshot v1, https://goo.gl/fbAQLP

exports[`VInput should mount component and match snapshot 1`] = `
<div class="v-input">
  <div class="v-input__slot primary--text">
    <div class>
      <label class="v-label v-label--on-field primary--text"
             style="left: 0px; position: absolute;"
      >
      </label>
    </div>
    <div class="v-input__status">
      <transition-stub>
      </transition-stub>
    </div>
  </div>
</div>
`;
