// Jest Snapshot v1, https://goo.gl/fbAQLP

exports[`EInput should mount component and match snapshot 1`] = `
<div class="v-input v-input--primary">
  <div class="v-input__label">
    <label class="v-label v-label--on-input">
    </label>
  </div>
  <div class="v-input__text-field">
  </div>
  <div class="v-input__hints">
    <transition-stub>
      <span class="v-input__hints-message">
      </span>
    </transition-stub>
  </div>
</div>
`;
