// Jest Snapshot v1, https://goo.gl/fbAQLP

exports[`VTooltip should mount component and match snapshot 1`] = `
<div class="v-tooltip">
  <div class="v-tooltip__activator">
  </div>
  <transition-stub>
    <span class="v-tooltip__content grey lighten-1"
          style="display: none;"
    >
    </span>
  </transition-stub>
</div>
`;
