// Jest Snapshot v1, https://goo.gl/fbAQLP

exports[`VtextField should mount component and match snapshot 1`] = `
<div class="v-input">
  <div class="v-input__slot primary--text">
    <div class="v-input__field-slot">
      <label class="v-label v-label--on-field primary--text"
             style="left: 0px; position: absolute;"
      >
      </label>
      <div class="v-text-field">
        <input class="v-text-field__input"
               type="text"
               style="color: rgb(33, 33, 33); caret-color: #212121;"
        >
      </div>
    </div>
    <div class="v-input__status">
      <transition-stub>
      </transition-stub>
    </div>
  </div>
</div>
`;
