// Jest Snapshot v1, https://goo.gl/fbAQLP

exports[`VSelect should mount component and match snapshot 1`] = `
<body>
  <div
    class="v-app"
  >
    <div
      data-v-app=""
    >
      <div
        class="v-input v-input--has-append-icon"
      >
        <div
          class="v-input__label"
        >
          <label
            class="v-label v-label--on-input"
          >
            
          </label>
        </div>
        <div
          class="v-input__text-field"
        >
          <!---->
          
          <div
            class="v-select"
          >
            <input
              class="v-select__input"
              readonly=""
              type="text"
            />
          </div>
          
          <div
            class="v-input__append-icon"
          >
            <i
              class="v-icon fas fa-chevron-down"
              style="font-size: 16px;"
            />
          </div>
        </div>
        <div
          class="v-input__hints"
        >
          <transition-stub>
            <!---->
          </transition-stub>
        </div>
        <div
          class="v-input__selects"
        >
          
          <div
            class="v-menu"
          />
          <!---->
          <transition-stub />
          
        </div>
      </div>
    </div>
    <div
      class="v-menu__content elevation-10"
      style="top: 0px; left: 0px; z-index: 12; display: none;"
    >
      <div
        class="v-menu__slot"
        style="max-height: 240px; width: 0px;"
      >
        
        <div
          class="v-select-list"
        >
          <div
            class="v-list v-list--active v-list--themeable v-list--base"
          >
            <div
              class="v-list-item"
            >
              <div
                class="v-list-item__title"
              >
                javascript
              </div>
            </div>
            <div
              class="v-list-item"
            >
              <div
                class="v-list-item__title"
              >
                Kotlin
              </div>
            </div>
            <div
              class="v-list-item"
            >
              <div
                class="v-list-item__title"
              >
                Rust
              </div>
            </div>
          </div>
        </div>
        
      </div>
    </div>
  </div>
</body>
`;
