// Jest Snapshot v1, https://goo.gl/fbAQLP

exports[`VSelect should mount component and match snapshot 1`] = `
<div class="v-input">
  <div class="v-input__slot"
       style="color: rgb(33, 150, 243); caret-color: #2196f3;"
  >
    <div class="v-input__select-slot">
      <label class="v-label v-label--on-field"
             style="left: 0px; position: absolute; color: rgb(33, 150, 243); caret-color: #2196f3;"
      >
      </label>
      <div class="v-select">
        <input class="v-select__input"
               style="color: rgb(66, 66, 66); caret-color: #424242;"
        >
      </div>
    </div>
    <div class="v-input__status">
      <transition-stub>
      </transition-stub>
    </div>
  </div>
</div>
`;
